'2021-09-09 22:00:00': 1.7152734496218
'2021-09-09 23:00:00': 1.7188710568051
'2021-09-10 00:00:00': 1.7417861062113
'2021-09-10 01:00:00': 1.7727252538293
'2021-09-10 02:00:00': 1.7656990229543
'2021-09-10 03:00:00': 1.7591760611082
'2021-09-10 04:00:00': 1.7513708997708
'2021-09-10 05:00:00': 1.771516715279
'2021-09-10 06:00:00': 1.7362485203371
'2021-09-10 07:00:00': 1.7175904894403
'2021-09-10 08:00:00': 1.6605555699986
'2021-09-10 09:00:00': 1.6584409531392
'2021-09-10 10:00:00': 1.6778828164124
'2021-09-10 11:00:00': 1.6725060888152
'2021-09-10 12:00:00': 1.6660172625331
'2021-09-10 13:00:00': 1.6126109457812
'2021-09-10 14:00:00': 1.5880696983837
'2021-09-10 15:00:00': 1.5470120082623
'2021-09-10 16:00:00': 1.5753787699418
'2021-09-10 17:00:00': 1.5898987829933
'2021-09-10 18:00:00': 1.6157887020825
'2021-09-10 19:00:00': 1.6099718502696
'2021-09-10 20:00:00': 1.6122400618539
'2021-09-10 21:00:00': 1.5821071108689
